// Jest Snapshot v1, https://goo.gl/fbAQLP

exports[`should render LoginPage correctly 1`] = `
<div
  className="box-layout"
>
  <div
    className="box-layout__box"
  >
    <h1
      className="box-layout__title"
    >
      Expensify
    </h1>
    <p>
      It's time to get your expenses under control
    </p>
    <button
      className="button button--with-icon"
      onClick={[Function]}
    >
      <i
        className="icon-prepend fa fa-google"
      />
      Login with Google
    </button>
    <button
      className="button button--with-icon"
      onClick={[Function]}
      style={
        Object {
          "background": "#4267b2",
        }
      }
    >
      <i
        className="icon-prepend fa fa-facebook-f"
      />
      Login with Facebook
    </button>
    <button
      className="button button--with-icon"
      onClick={[Function]}
      style={
        Object {
          "background": "#24292e",
        }
      }
    >
      <i
        className="icon-prepend fa fa-github"
      />
      Login with Github
    </button>
  </div>
</div>
`;
